// Vitest Snapshot v1, https://vitest.dev/guide/snapshot.html

exports[`DeleteSchoolSaturdayUseCase > should throw if FindSchoolSaturdayByIdRepository throws 1`] = `""`;
